
> ssh-app@1.0.0 build
> vite build

vite v5.4.21 building for production...
transforming...
✓ 539 modules transformed.
rendering chunks...
computing gzip size...
dist/index.html                        0.83 kB │ gzip:   0.45 kB
dist/assets/index-Csac9Z8g.css        53.63 kB │ gzip:  10.17 kB
dist/assets/purify.es-DP5U8-sc.js     29.17 kB │ gzip:  10.99 kB
dist/assets/index.es-BJIZlVdV.js     150.69 kB │ gzip:  51.55 kB
dist/assets/index-BvgSWVpW.js      1,690.88 kB │ gzip: 475.36 kB

(!) Some chunks are larger than 500 kB after minification. Consider:
- Using dynamic import() to code-split the application
- Use build.rollupOptions.output.manualChunks to improve chunking: https://rollupjs.org/configuration-options/#output-manualchunks
- Adjust chunk size limit for this warning via build.chunkSizeWarningLimit.
✓ built in 10.52s
